
> frontend@0.1.0 build
> react-scripts build

[baseline-browser-mapping] The data in this module is over two months old.  To ensure accurate Baseline data, please update: `npm i baseline-browser-mapping@latest -D`
Creating an optimized production build...
[baseline-browser-mapping] The data in this module is over two months old.  To ensure accurate Baseline data, please update: `npm i baseline-browser-mapping@latest -D`
Failed to compile.

[eslint] 
src\TumourProgressionTracker.js
  Line 173:12:  'CheckCircle' is not defined  react/jsx-no-undef

Search for the keywords to learn more about each error.


